---
source: test-harness/src/harness.rs
expression: snapshot
info:
  kind:
    Translate:
      backend: coq
  info:
    name: slices
    manifest: slices/Cargo.toml
    description: ~
  spec:
    optional: false
    broken: false
    issue_id: ~
    positive: true
    snapshot:
      stderr: true
      stdout: true
    include_flag: ~
    backend_options: ~
---
exit = 0
stderr = 'Finished `dev` profile [unoptimized + debuginfo] target(s) in XXs'

[stdout]
diagnostics = []

[stdout.files]
"Slices.v" = '''
(* File automatically generated by Hacspec *)
From Coq Require Import ZArith.
Require Import List.
Import List.ListNotations.
Open Scope Z_scope.
Open Scope bool_scope.
Require Import Ascii.
Require Import String.
Require Import Coq.Floats.Floats.
From RecordUpdate Require Import RecordSet.
Import RecordSetNotations.
From Core Require Import Core.



(* NotImplementedYet *)

Definition v_VERSION : t_Slice t_u8 :=
  unsize ([(118 : t_u8); (49 : t_u8)]).

Definition do_something '(_ : t_Slice t_u8) : unit :=
  tt.

Definition r#unsized '(_ : t_Array (t_Slice t_u8) ((1 : t_usize))) : unit :=
  tt.

Definition sized (x : t_Array (t_Array (t_u8) (4)) (1)) : unit :=
  r#unsized ([unsize (f_index (x) (0))]).
'''
_CoqProject = '''
-R ./ TODO
-arg -w
-arg all

Slices.v'''
